127.0.0.1 - - [19/Aug/2019:10:12:55 +0530] "GET / HTTP/1.1" 404 994
0:0:0:0:0:0:0:1 - - [19/Aug/2019:10:12:56 +0530] "GET /SessionManagement/ HTTP/1.1" 404 1030
127.0.0.1 - - [19/Aug/2019:10:15:01 +0530] "GET / HTTP/1.1" 404 994
0:0:0:0:0:0:0:1 - - [19/Aug/2019:10:15:01 +0530] "GET /SessionManagement/ HTTP/1.1" 200 293
127.0.0.1 - - [19/Aug/2019:10:16:59 +0530] "GET / HTTP/1.1" 404 994
0:0:0:0:0:0:0:1 - - [19/Aug/2019:10:17:02 +0530] "GET /SessionManagement/FirstServlet?sname=rr HTTP/1.1" 200 13
0:0:0:0:0:0:0:1 - - [19/Aug/2019:10:17:12 +0530] "GET /SessionManagement/ HTTP/1.1" 304 -
127.0.0.1 - - [19/Aug/2019:10:32:53 +0530] "GET / HTTP/1.1" 404 994
0:0:0:0:0:0:0:1 - - [19/Aug/2019:10:32:57 +0530] "GET /SessionManagement/FirstServlet?sname=rr HTTP/1.1" 200 57
0:0:0:0:0:0:0:1 - - [19/Aug/2019:10:32:58 +0530] "GET /SessionManagement/SecondServlet HTTP/1.1" 200 11
127.0.0.1 - - [19/Aug/2019:10:34:20 +0530] "GET / HTTP/1.1" 404 994
0:0:0:0:0:0:0:1 - - [19/Aug/2019:10:34:21 +0530] "GET /SessionManagement/SecondServlet HTTP/1.1" 200 32
0:0:0:0:0:0:0:1 - - [19/Aug/2019:10:34:36 +0530] "GET /SessionManagement/FirstServlet?sname=Rishab HTTP/1.1" 200 61
0:0:0:0:0:0:0:1 - - [19/Aug/2019:10:34:38 +0530] "GET /SessionManagement/SecondServlet HTTP/1.1" 200 32
127.0.0.1 - - [19/Aug/2019:11:06:45 +0530] "GET / HTTP/1.1" 404 994
0:0:0:0:0:0:0:1 - - [19/Aug/2019:11:06:50 +0530] "GET /SessionManagement/FirstServlet?sname=Rishab HTTP/1.1" 200 61
0:0:0:0:0:0:0:1 - - [19/Aug/2019:11:06:51 +0530] "GET /SessionManagement/SecondServlet HTTP/1.1" 200 38
127.0.0.1 - - [19/Aug/2019:11:09:39 +0530] "GET / HTTP/1.1" 404 994
0:0:0:0:0:0:0:1 - - [19/Aug/2019:11:09:45 +0530] "GET /SessionManagement/FirstServlet?sname=Third HTTP/1.1" 200 63
0:0:0:0:0:0:0:1 - - [19/Aug/2019:11:09:46 +0530] "GET /SessionManagement/ThirdServlet HTTP/1.1" 200 37
127.0.0.1 - - [19/Aug/2019:11:45:37 +0530] "GET / HTTP/1.1" 404 994
0:0:0:0:0:0:0:1 - - [19/Aug/2019:11:45:38 +0530] "GET /BankProjectServlet/ HTTP/1.1" 200 907
0:0:0:0:0:0:0:1 - - [19/Aug/2019:11:46:00 +0530] "GET /BankProjectServlet/CreateAccountServlet?firstName=A&lastName=B&city=Delhi&state=Delhi&amount=25000&cheqFacil=Yes&accountType=Saving HTTP/1.1" 200 30
127.0.0.1 - - [19/Aug/2019:11:59:42 +0530] "GET / HTTP/1.1" 404 994
0:0:0:0:0:0:0:1 - - [19/Aug/2019:11:59:44 +0530] "GET /BankProjectServlet/ HTTP/1.1" 200 332
0:0:0:0:0:0:0:1 - - [19/Aug/2019:11:59:47 +0530] "GET /BankProjectServlet/SearchAccountServlet?accountNo=1 HTTP/1.1" 200 160
127.0.0.1 - - [19/Aug/2019:12:05:27 +0530] "GET / HTTP/1.1" 404 994
0:0:0:0:0:0:0:1 - - [19/Aug/2019:12:05:30 +0530] "GET /BankProjectServlet/SearchAccountServlet?accountNo=1 HTTP/1.1" 200 114
127.0.0.1 - - [19/Aug/2019:12:08:29 +0530] "GET / HTTP/1.1" 404 994
0:0:0:0:0:0:0:1 - - [19/Aug/2019:12:08:32 +0530] "GET /BankProjectServlet/SearchAccountServlet?accountNo=1 HTTP/1.1" 200 185
127.0.0.1 - - [19/Aug/2019:12:23:32 +0530] "GET / HTTP/1.1" 404 994
0:0:0:0:0:0:0:1 - - [19/Aug/2019:12:23:36 +0530] "GET /BankProjectServlet/ HTTP/1.1" 200 450
0:0:0:0:0:0:0:1 - - [19/Aug/2019:12:23:37 +0530] "GET /BankProjectServlet/ HTTP/1.1" 304 -
0:0:0:0:0:0:0:1 - - [19/Aug/2019:12:23:37 +0530] "GET /BankProjectServlet/ HTTP/1.1" 304 -
0:0:0:0:0:0:0:1 - - [19/Aug/2019:12:23:37 +0530] "GET /BankProjectServlet/ HTTP/1.1" 304 -
0:0:0:0:0:0:0:1 - - [19/Aug/2019:12:23:57 +0530] "GET /BankProjectServlet/UpdateAccountServlet?accno=1&city=Noida&state=Haryana HTTP/1.1" 200 17
127.0.0.1 - - [19/Aug/2019:12:31:23 +0530] "GET / HTTP/1.1" 404 994
0:0:0:0:0:0:0:1 - - [19/Aug/2019:12:31:25 +0530] "GET /BankProjectServlet/ HTTP/1.1" 200 330
0:0:0:0:0:0:0:1 - - [19/Aug/2019:12:31:33 +0530] "GET /BankProjectServlet/CloseAccountServlet?accountNo=67 HTTP/1.1" 500 1587
127.0.0.1 - - [19/Aug/2019:12:32:08 +0530] "GET / HTTP/1.1" 404 994
0:0:0:0:0:0:0:1 - - [19/Aug/2019:12:32:16 +0530] "GET /BankProjectServlet/CloseAccountServlet?accountNo=67 HTTP/1.1" 500 1587
127.0.0.1 - - [19/Aug/2019:12:32:49 +0530] "GET / HTTP/1.1" 404 994
0:0:0:0:0:0:0:1 - - [19/Aug/2019:12:32:53 +0530] "GET /BankProjectServlet/CloseAccountServlet?accountNo=67 HTTP/1.1" 500 1587
127.0.0.1 - - [19/Aug/2019:12:34:26 +0530] "GET / HTTP/1.1" 404 994
0:0:0:0:0:0:0:1 - - [19/Aug/2019:12:34:29 +0530] "GET /BankProjectServlet/ HTTP/1.1" 200 328
0:0:0:0:0:0:0:1 - - [19/Aug/2019:12:34:32 +0530] "GET /BankProjectServlet/SearchAccountServlet?accno=1 HTTP/1.1" 200 195
127.0.0.1 - - [19/Aug/2019:12:34:51 +0530] "GET / HTTP/1.1" 404 994
0:0:0:0:0:0:0:1 - - [19/Aug/2019:12:34:53 +0530] "GET /BankProjectServlet/ HTTP/1.1" 200 326
0:0:0:0:0:0:0:1 - - [19/Aug/2019:12:35:08 +0530] "GET /BankProjectServlet/CloseAccountServlet?accno=67 HTTP/1.1" 404 1070
127.0.0.1 - - [19/Aug/2019:12:36:51 +0530] "GET / HTTP/1.1" 404 994
0:0:0:0:0:0:0:1 - - [19/Aug/2019:12:36:55 +0530] "GET /BankProjectServlet/CloseAccountServlet?accno=67 HTTP/1.1" 200 15
127.0.0.1 - - [19/Aug/2019:12:44:24 +0530] "GET / HTTP/1.1" 404 994
0:0:0:0:0:0:0:1 - - [19/Aug/2019:12:44:27 +0530] "GET /BankProjectServlet/ HTTP/1.1" 200 405
0:0:0:0:0:0:0:1 - - [19/Aug/2019:12:44:47 +0530] "GET /BankProjectServlet/DepositeAccountServlet?accno=3&amount=2888 HTTP/1.1" 200 17
127.0.0.1 - - [19/Aug/2019:12:46:50 +0530] "GET / HTTP/1.1" 404 994
0:0:0:0:0:0:0:1 - - [19/Aug/2019:12:46:56 +0530] "GET /BankProjectServlet/ HTTP/1.1" 200 407
0:0:0:0:0:0:0:1 - - [19/Aug/2019:12:47:02 +0530] "GET /BankProjectServlet/WithdrawlAccountServlet?accno=1&amount=86000 HTTP/1.1" 200 16
127.0.0.1 - - [19/Aug/2019:14:16:01 +0530] "GET / HTTP/1.1" 404 994
0:0:0:0:0:0:0:1 - - [19/Aug/2019:14:16:01 +0530] "GET /InventoryProjectServlet/ HTTP/1.1" 200 459
0:0:0:0:0:0:0:1 - - [19/Aug/2019:14:16:12 +0530] "GET /InventoryProjectServlet/AddStockServlet?itemName=Mobile&price=15000&qntyAvail=30 HTTP/1.1" 500 1552
127.0.0.1 - - [19/Aug/2019:14:19:10 +0530] "GET / HTTP/1.1" 404 994
0:0:0:0:0:0:0:1 - - [19/Aug/2019:14:19:22 +0530] "GET /InventoryProjectServlet/AddStockServlet?itemName=Mobile&price=15000&qntyAvail=30 HTTP/1.1" 500 1552
127.0.0.1 - - [19/Aug/2019:14:19:54 +0530] "GET / HTTP/1.1" 404 994
0:0:0:0:0:0:0:1 - - [19/Aug/2019:14:20:04 +0530] "GET /InventoryProjectServlet/AddStockServlet?itemName=Mobile&price=15000&qntyAvail=30 HTTP/1.1" 500 1552
127.0.0.1 - - [19/Aug/2019:14:21:20 +0530] "GET / HTTP/1.1" 404 994
0:0:0:0:0:0:0:1 - - [19/Aug/2019:14:21:29 +0530] "GET /InventoryProjectServlet/AddStockServlet?itemName=Mobile&price=15000&qntyAvail=30 HTTP/1.1" 500 1552
0:0:0:0:0:0:0:1 - - [19/Aug/2019:14:23:24 +0530] "GET /InventoryProjectServlet/AddStockServlet?itemName=Laptop+DELL&price=400000&qntyAvail=10 HTTP/1.1" 500 1552
127.0.0.1 - - [19/Aug/2019:14:25:55 +0530] "GET / HTTP/1.1" 404 994
0:0:0:0:0:0:0:1 - - [19/Aug/2019:14:26:08 +0530] "GET /InventoryProjectServlet/AddStockServlet?itemName=Dell+Laptop&price=400000&qntyAvail=20 HTTP/1.1" 500 1552
127.0.0.1 - - [19/Aug/2019:14:28:29 +0530] "GET / HTTP/1.1" 404 994
0:0:0:0:0:0:0:1 - - [19/Aug/2019:14:28:49 +0530] "GET /InventoryProjectServlet/AddStockServlet?itemName=Laptop&price=30000&qntyAvail=30 HTTP/1.1" 500 1552
127.0.0.1 - - [19/Aug/2019:14:30:10 +0530] "GET / HTTP/1.1" 404 994
0:0:0:0:0:0:0:1 - - [19/Aug/2019:14:30:21 +0530] "GET /InventoryProjectServlet/AddStockServlet?itemName=Laptop&price=40000&qntyAvail=20 HTTP/1.1" 500 1552
127.0.0.1 - - [19/Aug/2019:14:31:56 +0530] "GET / HTTP/1.1" 404 994
0:0:0:0:0:0:0:1 - - [19/Aug/2019:14:32:11 +0530] "GET /InventoryProjectServlet/AddStockServlet?itemName=Laptop&price=40000&qntyAvail=20 HTTP/1.1" 500 1552
127.0.0.1 - - [19/Aug/2019:14:33:11 +0530] "GET / HTTP/1.1" 404 994
0:0:0:0:0:0:0:1 - - [19/Aug/2019:14:33:22 +0530] "GET /InventoryProjectServlet/AddStockServlet?itemName=Laptop&price=40000&qntyAvail=30 HTTP/1.1" 500 1552
127.0.0.1 - - [19/Aug/2019:14:33:59 +0530] "GET / HTTP/1.1" 404 994
0:0:0:0:0:0:0:1 - - [19/Aug/2019:14:34:10 +0530] "GET /InventoryProjectServlet/AddStockServlet?itemName=Laptop&price=40000&qntyAvail=30 HTTP/1.1" 500 1609
0:0:0:0:0:0:0:1 - - [19/Aug/2019:14:36:59 +0530] "GET /InventoryProjectServlet/AddStockServlet?itemName=laptop&price=30000&qntyAvail=30 HTTP/1.1" 500 1609
127.0.0.1 - - [19/Aug/2019:14:48:24 +0530] "GET / HTTP/1.1" 404 994
0:0:0:0:0:0:0:1 - - [19/Aug/2019:14:48:27 +0530] "GET /InventoryProjectServlet/ HTTP/1.1" 200 297
0:0:0:0:0:0:0:1 - - [19/Aug/2019:14:48:30 +0530] "GET /InventoryProjectServlet/SearchStockServlet?stockId=1 HTTP/1.1" 500 1622
0:0:0:0:0:0:0:1 - - [19/Aug/2019:14:49:29 +0530] "GET /InventoryProjectServlet/SearchStockServlet?stockId=S001 HTTP/1.1" 500 1622
0:0:0:0:0:0:0:1 - - [19/Aug/2019:14:50:45 +0530] "GET /InventoryProjectServlet/SearchStockServlet?stockId=S001 HTTP/1.1" 500 1622
127.0.0.1 - - [19/Aug/2019:14:54:48 +0530] "GET / HTTP/1.1" 404 994
0:0:0:0:0:0:0:1 - - [19/Aug/2019:14:54:50 +0530] "GET /InventoryProjectServlet/ HTTP/1.1" 200 465
0:0:0:0:0:0:0:1 - - [19/Aug/2019:14:54:52 +0530] "GET /InventoryProjectServlet/ HTTP/1.1" 304 -
0:0:0:0:0:0:0:1 - - [19/Aug/2019:14:55:05 +0530] "GET /InventoryProjectServlet/AddStockServlet?itemName=Tablet&price=45000&qntyAvail=20 HTTP/1.1" 404 1072
127.0.0.1 - - [19/Aug/2019:14:59:46 +0530] "GET / HTTP/1.1" 404 994
0:0:0:0:0:0:0:1 - - [19/Aug/2019:14:59:48 +0530] "GET /InventoryProjectServlet/ HTTP/1.1" 304 -
0:0:0:0:0:0:0:1 - - [19/Aug/2019:15:00:05 +0530] "GET /InventoryProjectServlet/AddStockServlet?itemName=Tablet&price=45000&qntyAvail=30 HTTP/1.1" 500 1552
127.0.0.1 - - [19/Aug/2019:15:04:03 +0530] "GET / HTTP/1.1" 404 994
0:0:0:0:0:0:0:1 - - [19/Aug/2019:15:04:09 +0530] "GET /InventoryProjectServlet/ HTTP/1.1" 200 297
0:0:0:0:0:0:0:1 - - [19/Aug/2019:15:04:14 +0530] "GET /InventoryProjectServlet/SearchStockServlet?stockId=S002 HTTP/1.1" 500 1622
127.0.0.1 - - [19/Aug/2019:15:05:11 +0530] "GET / HTTP/1.1" 404 994
0:0:0:0:0:0:0:1 - - [19/Aug/2019:15:05:16 +0530] "GET /InventoryProjectServlet/SearchStockServlet?stockId=S002 HTTP/1.1" 200 27
127.0.0.1 - - [19/Aug/2019:15:08:32 +0530] "GET / HTTP/1.1" 404 994
0:0:0:0:0:0:0:1 - - [19/Aug/2019:15:08:34 +0530] "GET /InventoryProjectServlet/ HTTP/1.1" 200 465
0:0:0:0:0:0:0:1 - - [19/Aug/2019:15:08:46 +0530] "GET /InventoryProjectServlet/AddStockServlet?itemName=Headphone&price=1000&qntyAvail=200 HTTP/1.1" 200 13
127.0.0.1 - - [19/Aug/2019:15:13:45 +0530] "GET / HTTP/1.1" 404 994
0:0:0:0:0:0:0:1 - - [19/Aug/2019:15:13:47 +0530] "GET /InventoryProjectServlet/ HTTP/1.1" 404 1042
0:0:0:0:0:0:0:1 - - [19/Aug/2019:15:13:47 +0530] "GET /InventoryProjectServlet/ HTTP/1.1" 404 1042
0:0:0:0:0:0:0:1 - - [19/Aug/2019:15:13:47 +0530] "GET /InventoryProjectServlet/ HTTP/1.1" 404 1042
0:0:0:0:0:0:0:1 - - [19/Aug/2019:15:13:47 +0530] "GET /InventoryProjectServlet/ HTTP/1.1" 404 1042
0:0:0:0:0:0:0:1 - - [19/Aug/2019:15:13:48 +0530] "GET /InventoryProjectServlet/ HTTP/1.1" 404 1042
0:0:0:0:0:0:0:1 - - [19/Aug/2019:15:13:48 +0530] "GET /InventoryProjectServlet/ HTTP/1.1" 404 1042
127.0.0.1 - - [19/Aug/2019:15:14:08 +0530] "GET / HTTP/1.1" 404 994
0:0:0:0:0:0:0:1 - - [19/Aug/2019:15:14:08 +0530] "GET /InventoryProjectServlet/ HTTP/1.1" 200 382
0:0:0:0:0:0:0:1 - - [19/Aug/2019:15:14:10 +0530] "GET /InventoryProjectServlet/ HTTP/1.1" 304 -
0:0:0:0:0:0:0:1 - - [19/Aug/2019:15:14:17 +0530] "GET /InventoryProjectServlet/PlaceOrderServlet?stockId=S002&antyAvail=3 HTTP/1.1" 200 14
127.0.0.1 - - [19/Aug/2019:15:23:30 +0530] "GET / HTTP/1.1" 404 994
0:0:0:0:0:0:0:1 - - [19/Aug/2019:15:23:32 +0530] "GET /BankProjectServlet/ HTTP/1.1" 200 627
0:0:0:0:0:0:0:1 - - [19/Aug/2019:15:23:32 +0530] "GET /BankProjectServlet/ HTTP/1.1" 304 -
0:0:0:0:0:0:0:1 - - [19/Aug/2019:15:23:33 +0530] "GET /BankProjectServlet/ HTTP/1.1" 304 -
0:0:0:0:0:0:0:1 - - [19/Aug/2019:15:23:33 +0530] "GET /BankProjectServlet/ HTTP/1.1" 304 -
0:0:0:0:0:0:0:1 - - [19/Aug/2019:15:23:34 +0530] "GET /BankProjectServlet/CreateAccount.html HTTP/1.1" 200 907
127.0.0.1 - - [19/Aug/2019:15:25:05 +0530] "GET / HTTP/1.1" 404 994
127.0.0.1 - - [19/Aug/2019:15:25:46 +0530] "GET / HTTP/1.1" 404 994
127.0.0.1 - - [19/Aug/2019:15:27:54 +0530] "GET / HTTP/1.1" 404 994
127.0.0.1 - - [19/Aug/2019:15:32:03 +0530] "GET / HTTP/1.1" 404 994
127.0.0.1 - - [19/Aug/2019:15:35:18 +0530] "GET / HTTP/1.1" 404 994
127.0.0.1 - - [19/Aug/2019:15:36:47 +0530] "GET / HTTP/1.1" 404 994
127.0.0.1 - - [19/Aug/2019:15:56:39 +0530] "GET / HTTP/1.1" 404 994
127.0.0.1 - - [19/Aug/2019:15:59:37 +0530] "GET / HTTP/1.1" 404 994
0:0:0:0:0:0:0:1 - - [19/Aug/2019:16:00:17 +0530] "GET /BankProjectServlet/WithdrawlAccount.html HTTP/1.1" 200 407
127.0.0.1 - - [19/Aug/2019:16:03:33 +0530] "GET / HTTP/1.1" 404 994
127.0.0.1 - - [19/Aug/2019:16:25:43 +0530] "GET / HTTP/1.1" 404 994
0:0:0:0:0:0:0:1 - - [19/Aug/2019:16:26:12 +0530] "GET /BankProjectServlet/ HTTP/1.1" 200 622
0:0:0:0:0:0:0:1 - - [19/Aug/2019:16:26:13 +0530] "GET /BankProjectServlet/ HTTP/1.1" 304 -
0:0:0:0:0:0:0:1 - - [19/Aug/2019:16:26:13 +0530] "GET /BankProjectServlet/ HTTP/1.1" 304 -
0:0:0:0:0:0:0:1 - - [19/Aug/2019:16:26:13 +0530] "GET /BankProjectServlet/ HTTP/1.1" 304 -
0:0:0:0:0:0:0:1 - - [19/Aug/2019:16:26:13 +0530] "GET /BankProjectServlet/ HTTP/1.1" 304 -
0:0:0:0:0:0:0:1 - - [19/Aug/2019:16:26:14 +0530] "GET /BankProjectServlet/CreateAccount HTTP/1.1" 200 1529
127.0.0.1 - - [19/Aug/2019:17:09:33 +0530] "GET / HTTP/1.1" 404 994
0:0:0:0:0:0:0:1 - - [19/Aug/2019:17:09:34 +0530] "GET /LibraryManagementProject/ HTTP/1.1" 404 1044
127.0.0.1 - - [19/Aug/2019:17:10:10 +0530] "GET / HTTP/1.1" 404 994
0:0:0:0:0:0:0:1 - - [19/Aug/2019:17:10:11 +0530] "GET /LibraryManagementProject/ HTTP/1.1" 200 454
0:0:0:0:0:0:0:1 - - [19/Aug/2019:17:10:39 +0530] "GET /LibraryManagementProject/LoginServlet?userName=Bhargav&passWord=Ravula HTTP/1.1" 200 15
0:0:0:0:0:0:0:1 - - [19/Aug/2019:17:10:45 +0530] "GET /LibraryManagementProject/LoginServlet?userName=Bhargav&passWord=fewfwfewf HTTP/1.1" 200 30
127.0.0.1 - - [19/Aug/2019:17:21:13 +0530] "GET / HTTP/1.1" 404 994
0:0:0:0:0:0:0:1 - - [19/Aug/2019:17:21:16 +0530] "GET /LibraryManagementProject/ HTTP/1.1" 200 170
0:0:0:0:0:0:0:1 - - [19/Aug/2019:17:21:18 +0530] "GET /LibraryManagementProject/ HTTP/1.1" 304 -
0:0:0:0:0:0:0:1 - - [19/Aug/2019:17:21:18 +0530] "GET /LibraryManagementProject/ HTTP/1.1" 304 -
0:0:0:0:0:0:0:1 - - [19/Aug/2019:17:21:18 +0530] "GET /LibraryManagementProject/ HTTP/1.1" 304 -
0:0:0:0:0:0:0:1 - - [19/Aug/2019:17:21:18 +0530] "GET /LibraryManagementProject/ HTTP/1.1" 304 -
127.0.0.1 - - [19/Aug/2019:17:26:58 +0530] "GET / HTTP/1.1" 404 994
0:0:0:0:0:0:0:1 - - [19/Aug/2019:17:27:00 +0530] "GET /LibraryManagementProject/ HTTP/1.1" 200 486
0:0:0:0:0:0:0:1 - - [19/Aug/2019:17:27:16 +0530] "GET /LibraryManagementProject/LoginServlet?userName=Bhargav&passWord=Ravula HTTP/1.1" 200 170
0:0:0:0:0:0:0:1 - - [19/Aug/2019:17:27:18 +0530] "GET /LibraryManagementProject/SearchBooks HTTP/1.1" 200 878
127.0.0.1 - - [19/Aug/2019:17:45:17 +0530] "GET / HTTP/1.1" 404 994
127.0.0.1 - - [19/Aug/2019:17:45:39 +0530] "GET / HTTP/1.1" 404 994
0:0:0:0:0:0:0:1 - - [19/Aug/2019:17:45:41 +0530] "GET /LibraryManagementProject/ HTTP/1.1" 200 170
0:0:0:0:0:0:0:1 - - [19/Aug/2019:17:45:42 +0530] "GET /LibraryManagementProject/SearchBooks HTTP/1.1" 200 881
0:0:0:0:0:0:0:1 - - [19/Aug/2019:17:45:45 +0530] "GET /LibraryManagementProject/SearchBooksServlet?searchType=on HTTP/1.1" 500 170
0:0:0:0:0:0:0:1 - - [19/Aug/2019:17:46:01 +0530] "GET /LibraryManagementProject/SearchBooks HTTP/1.1" 200 881
127.0.0.1 - - [19/Aug/2019:17:46:34 +0530] "GET / HTTP/1.1" 404 994
0:0:0:0:0:0:0:1 - - [19/Aug/2019:17:46:36 +0530] "GET /LibraryManagementProject/ HTTP/1.1" 200 711
0:0:0:0:0:0:0:1 - - [19/Aug/2019:17:46:36 +0530] "GET /LibraryManagementProject/ HTTP/1.1" 304 -
0:0:0:0:0:0:0:1 - - [19/Aug/2019:17:46:37 +0530] "GET /LibraryManagementProject/ HTTP/1.1" 304 -
0:0:0:0:0:0:0:1 - - [19/Aug/2019:17:46:37 +0530] "GET /LibraryManagementProject/ HTTP/1.1" 304 -
0:0:0:0:0:0:0:1 - - [19/Aug/2019:17:46:39 +0530] "GET /LibraryManagementProject/SearchBooksServlet?searchType=on HTTP/1.1" 500 170
127.0.0.1 - - [19/Aug/2019:17:48:47 +0530] "GET / HTTP/1.1" 404 994
0:0:0:0:0:0:0:1 - - [19/Aug/2019:17:50:08 +0530] "GET /LibraryManagementProject/SearchBooksServlet?searchType=on HTTP/1.1" 200 -
127.0.0.1 - - [19/Aug/2019:17:50:47 +0530] "GET / HTTP/1.1" 404 994
0:0:0:0:0:0:0:1 - - [19/Aug/2019:17:50:51 +0530] "GET /LibraryManagementProject/SearchBooksServlet?searchType=on HTTP/1.1" 200 7
127.0.0.1 - - [19/Aug/2019:17:53:36 +0530] "GET / HTTP/1.1" 404 994
0:0:0:0:0:0:0:1 - - [19/Aug/2019:17:53:39 +0530] "GET /LibraryManagementProject/SearchBooksServlet?searchType=on HTTP/1.1" 200 7
127.0.0.1 - - [19/Aug/2019:17:57:02 +0530] "GET / HTTP/1.1" 404 994
0:0:0:0:0:0:0:1 - - [19/Aug/2019:17:57:04 +0530] "GET /LibraryManagementProject/SearchBooksServlet?searchType=on HTTP/1.1" 200 7
127.0.0.1 - - [19/Aug/2019:17:58:04 +0530] "GET / HTTP/1.1" 404 994
0:0:0:0:0:0:0:1 - - [19/Aug/2019:17:58:07 +0530] "GET /LibraryManagementProject/SearchBooksServlet?searchType=on HTTP/1.1" 200 6
127.0.0.1 - - [19/Aug/2019:17:59:28 +0530] "GET / HTTP/1.1" 404 994
0:0:0:0:0:0:0:1 - - [19/Aug/2019:17:59:30 +0530] "GET /LibraryManagementProject/SearchBooksServlet?searchType=on HTTP/1.1" 200 4
0:0:0:0:0:0:0:1 - - [19/Aug/2019:17:59:42 +0530] "GET /LibraryManagementProject/SearchBooksServlet?searchType=on HTTP/1.1" 200 4
0:0:0:0:0:0:0:1 - - [19/Aug/2019:17:59:46 +0530] "GET /LibraryManagementProject/ HTTP/1.1" 200 726
0:0:0:0:0:0:0:1 - - [19/Aug/2019:18:00:08 +0530] "GET /LibraryManagementProject/SearchBooksServlet?searchType=bookId HTTP/1.1" 200 8
127.0.0.1 - - [19/Aug/2019:18:00:33 +0530] "GET / HTTP/1.1" 404 994
0:0:0:0:0:0:0:1 - - [19/Aug/2019:18:00:35 +0530] "GET /LibraryManagementProject/ HTTP/1.1" 304 -
0:0:0:0:0:0:0:1 - - [19/Aug/2019:18:00:35 +0530] "GET /LibraryManagementProject/ HTTP/1.1" 304 -
0:0:0:0:0:0:0:1 - - [19/Aug/2019:18:00:35 +0530] "GET /LibraryManagementProject/ HTTP/1.1" 304 -
0:0:0:0:0:0:0:1 - - [19/Aug/2019:18:00:36 +0530] "GET /LibraryManagementProject/ HTTP/1.1" 304 -
0:0:0:0:0:0:0:1 - - [19/Aug/2019:18:00:36 +0530] "GET /LibraryManagementProject/ HTTP/1.1" 304 -
0:0:0:0:0:0:0:1 - - [19/Aug/2019:18:00:36 +0530] "GET /LibraryManagementProject/ HTTP/1.1" 304 -
0:0:0:0:0:0:0:1 - - [19/Aug/2019:18:00:37 +0530] "GET /LibraryManagementProject/SearchBooksServlet?searchType=bookId HTTP/1.1" 200 7
127.0.0.1 - - [19/Aug/2019:18:01:23 +0530] "GET / HTTP/1.1" 404 994
0:0:0:0:0:0:0:1 - - [19/Aug/2019:18:01:25 +0530] "GET /LibraryManagementProject/ HTTP/1.1" 304 -
0:0:0:0:0:0:0:1 - - [19/Aug/2019:18:01:26 +0530] "GET /LibraryManagementProject/ HTTP/1.1" 304 -
0:0:0:0:0:0:0:1 - - [19/Aug/2019:18:01:26 +0530] "GET /LibraryManagementProject/ HTTP/1.1" 304 -
0:0:0:0:0:0:0:1 - - [19/Aug/2019:18:01:26 +0530] "GET /LibraryManagementProject/ HTTP/1.1" 304 -
0:0:0:0:0:0:0:1 - - [19/Aug/2019:18:01:26 +0530] "GET /LibraryManagementProject/ HTTP/1.1" 304 -
0:0:0:0:0:0:0:1 - - [19/Aug/2019:18:01:26 +0530] "GET /LibraryManagementProject/ HTTP/1.1" 304 -
0:0:0:0:0:0:0:1 - - [19/Aug/2019:18:01:27 +0530] "GET /LibraryManagementProject/ HTTP/1.1" 304 -
0:0:0:0:0:0:0:1 - - [19/Aug/2019:18:01:27 +0530] "GET /LibraryManagementProject/ HTTP/1.1" 304 -
0:0:0:0:0:0:0:1 - - [19/Aug/2019:18:01:28 +0530] "GET /LibraryManagementProject/ HTTP/1.1" 304 -
0:0:0:0:0:0:0:1 - - [19/Aug/2019:18:01:29 +0530] "GET /LibraryManagementProject/ HTTP/1.1" 304 -
0:0:0:0:0:0:0:1 - - [19/Aug/2019:18:01:31 +0530] "GET /LibraryManagementProject/SearchBooksServlet?searchType=bookId HTTP/1.1" 200 19
127.0.0.1 - - [19/Aug/2019:18:11:43 +0530] "GET / HTTP/1.1" 404 994
0:0:0:0:0:0:0:1 - - [19/Aug/2019:18:11:47 +0530] "GET /LibraryManagementProject/ HTTP/1.1" 200 805
0:0:0:0:0:0:0:1 - - [19/Aug/2019:18:11:47 +0530] "GET /LibraryManagementProject/ HTTP/1.1" 304 -
0:0:0:0:0:0:0:1 - - [19/Aug/2019:18:11:48 +0530] "GET /LibraryManagementProject/ HTTP/1.1" 304 -
0:0:0:0:0:0:0:1 - - [19/Aug/2019:18:11:48 +0530] "GET /LibraryManagementProject/ HTTP/1.1" 304 -
0:0:0:0:0:0:0:1 - - [19/Aug/2019:18:11:48 +0530] "GET /LibraryManagementProject/ HTTP/1.1" 304 -
0:0:0:0:0:0:0:1 - - [19/Aug/2019:18:11:48 +0530] "GET /LibraryManagementProject/ HTTP/1.1" 304 -
0:0:0:0:0:0:0:1 - - [19/Aug/2019:18:11:48 +0530] "GET /LibraryManagementProject/ HTTP/1.1" 304 -
0:0:0:0:0:0:0:1 - - [19/Aug/2019:18:11:49 +0530] "GET /LibraryManagementProject/ HTTP/1.1" 304 -
0:0:0:0:0:0:0:1 - - [19/Aug/2019:18:11:49 +0530] "GET /LibraryManagementProject/ HTTP/1.1" 304 -
0:0:0:0:0:0:0:1 - - [19/Aug/2019:18:11:51 +0530] "GET /LibraryManagementProject/SearchBooksServlet?searchType=bookId&searchValue= HTTP/1.1" 200 2
0:0:0:0:0:0:0:1 - - [19/Aug/2019:18:11:57 +0530] "GET /LibraryManagementProject/SearchBooksServlet?searchType=bookId&searchValue=12 HTTP/1.1" 200 4
